2026-07-28T20:23:13.597Z [[32minfo[39m]: All tables created successfully
2026-07-28T20:23:46.601Z [[32minfo[39m]: All tables created successfully
2026-07-28T20:23:46.603Z [[32minfo[39m]: Database initialized successfully
2026-07-28T20:23:46.603Z [[32minfo[39m]: Database connection established
2026-07-28T20:23:47.669Z [[32minfo[39m]: Bot logged in successfully
2026-07-28T20:23:47.919Z [[32minfo[39m]: Bot is ready! Logged in as Washington's#8137
2026-07-28T20:26:31.372Z [[32minfo[39m]: All tables created successfully
2026-07-28T20:26:31.374Z [[32minfo[39m]: Database initialized successfully
2026-07-28T20:26:31.375Z [[32minfo[39m]: Database connection established
2026-07-28T20:26:32.412Z [[32minfo[39m]: Bot logged in successfully
2026-07-28T20:26:32.733Z [[32minfo[39m]: Bot is ready! Logged in as Washington's#8137
2026-07-28T20:27:02.191Z [[33mwarn[39m]: Спам обнаружен от пользователя ahiyadzaki в канале 1519272171610968135
2026-07-28T20:27:02.588Z [[33mwarn[39m]: Спам обнаружен от пользователя ahiyadzaki в канале 1519272171610968135
2026-07-28T20:27:02.999Z [[32minfo[39m]: Удалено спам-сообщение от ahiyadzaki в канале 1519272171610968135
2026-07-28T20:27:03.337Z [[32minfo[39m]: Удалено спам-сообщение от ahiyadzaki в канале 1519272171610968135
2026-07-28T20:28:44.183Z [[32minfo[39m]: All tables created successfully
2026-07-28T20:28:44.186Z [[32minfo[39m]: Database initialized successfully
2026-07-28T20:28:44.186Z [[32minfo[39m]: Database connection established
2026-07-28T20:28:45.458Z [[32minfo[39m]: Bot logged in successfully
2026-07-28T20:28:45.649Z [[32minfo[39m]: Bot is ready! Logged in as Washington's#8137
2026-07-28T21:44:35.118Z [[32minfo[39m]: All tables created successfully
2026-07-28T21:44:35.121Z [[32minfo[39m]: Database initialized successfully
2026-07-28T21:44:35.121Z [[32minfo[39m]: Database connection established
2026-07-28T21:44:36.164Z [[32minfo[39m]: Bot logged in successfully
2026-07-28T21:44:36.354Z [[32minfo[39m]: Bot is ready! Logged in as Washington's#8137
2026-07-28T21:45:57.825Z [[32minfo[39m]: All tables created successfully
2026-07-28T21:45:57.827Z [[32minfo[39m]: Database initialized successfully
2026-07-28T21:45:57.827Z [[32minfo[39m]: Database connection established
2026-07-28T21:45:58.811Z [[32minfo[39m]: Bot logged in successfully
2026-07-28T21:45:59.006Z [[32minfo[39m]: Bot is ready! Logged in as Washington's#8137
2026-07-28T21:46:22.147Z [[33mwarn[39m]: Спам обнаружен от пользователя ahiyadzaki в канале 1519272171610968135
2026-07-28T21:46:31.931Z [[33mwarn[39m]: Спам обнаружен от пользователя ahiyadzaki в канале 1519272171610968135
2026-07-28T21:46:32.326Z [[33mwarn[39m]: Спам обнаружен от пользователя ahiyadzaki в канале 1519272171610968135
2026-07-28T21:46:32.700Z [[33mwarn[39m]: Спам обнаружен от пользователя ahiyadzaki в канале 1519272171610968135
2026-07-28T21:46:32.788Z [[31merror[39m]: Ошибка при удалении спам-сообщения: Connect Timeout Error (attempted addresses: 162.159.128.233:443, timeout: 10000ms)
2026-07-28T21:46:33.109Z [[32minfo[39m]: Удалено спам-сообщение от ahiyadzaki в канале 1519272171610968135
2026-07-28T21:46:33.399Z [[32minfo[39m]: Удалено спам-сообщение от ahiyadzaki в канале 1519272171610968135
2026-07-28T21:46:33.684Z [[32minfo[39m]: Удалено спам-сообщение от ahiyadzaki в канале 1519272171610968135
2026-07-28T21:50:59.508Z [[32minfo[39m]: All tables created successfully
2026-07-28T21:50:59.511Z [[32minfo[39m]: Database initialized successfully
2026-07-28T21:50:59.511Z [[32minfo[39m]: Database connection established
2026-07-28T21:51:00.945Z [[32minfo[39m]: Bot logged in successfully
2026-07-28T21:51:01.303Z [[32minfo[39m]: Bot is ready! Logged in as Washington's#8137
2026-07-28T21:51:01.535Z [[32minfo[39m]: Commands registered successfully
2026-07-28T21:52:15.154Z [[32minfo[39m]: All tables created successfully
2026-07-28T21:52:15.156Z [[32minfo[39m]: Database initialized successfully
2026-07-28T21:52:15.157Z [[32minfo[39m]: Database connection established
2026-07-28T21:52:16.627Z [[32minfo[39m]: Bot logged in successfully
2026-07-28T21:52:16.815Z [[32minfo[39m]: Bot is ready! Logged in as Washington's#8137
2026-07-28T21:52:17.054Z [[32minfo[39m]: Commands registered successfully
2026-07-28T21:55:52.308Z [[32minfo[39m]: All tables created successfully
2026-07-28T21:55:52.311Z [[32minfo[39m]: Database initialized successfully
2026-07-28T21:55:52.311Z [[32minfo[39m]: Database initialized
2026-07-28T21:55:53.684Z [[32minfo[39m]: ✅ Бот залогинился
2026-07-28T21:55:54.045Z [[32minfo[39m]: ✅ Бот запущен как Washington's#8137
2026-07-28T21:55:54.504Z [[32minfo[39m]: ✅ Команды зарегистрированы!
2026-07-28T22:00:13.247Z [[32minfo[39m]: All tables created successfully
2026-07-28T22:00:13.248Z [[32minfo[39m]: Database initialized successfully
2026-07-28T22:00:13.249Z [[32minfo[39m]: Database initialized
2026-07-28T22:00:14.337Z [[32minfo[39m]: ✅ Бот залогинился
2026-07-28T22:00:14.662Z [[32minfo[39m]: ✅ Бот запущен как Washington's#8137
2026-07-28T22:00:15.114Z [[32minfo[39m]: ✅ Команды зарегистрированы!
2026-07-28T22:02:20.844Z [[32minfo[39m]: All tables created successfully
2026-07-28T22:02:20.846Z [[32minfo[39m]: Database initialized successfully
2026-07-28T22:02:20.846Z [[32minfo[39m]: Database initialized
2026-07-28T22:02:22.287Z [[32minfo[39m]: ✅ Бот залогинился
2026-07-28T22:02:22.583Z [[32minfo[39m]: ✅ Бот запущен как Washington's#8137
2026-07-28T22:02:23.035Z [[32minfo[39m]: ✅ Команды зарегистрированы!
2026-07-28T22:06:18.004Z [[32minfo[39m]: All tables created successfully
2026-07-28T22:06:18.005Z [[32minfo[39m]: Database initialized successfully
2026-07-28T22:06:18.006Z [[32minfo[39m]: Database initialized
2026-07-28T22:06:19.036Z [[32minfo[39m]: ✅ Бот залогинился
2026-07-28T22:06:19.383Z [[32minfo[39m]: ✅ Бот запущен как Washington's#8137
2026-07-28T22:06:19.706Z [[32minfo[39m]: ✅ Команды зарегистрированы!
2026-07-28T22:08:31.751Z [[32minfo[39m]: All tables created successfully
2026-07-28T22:08:31.752Z [[32minfo[39m]: Database initialized successfully
2026-07-28T22:08:31.753Z [[32minfo[39m]: Database initialized
2026-07-28T22:08:32.700Z [[32minfo[39m]: ✅ Бот залогинился
2026-07-28T22:08:33.254Z [[32minfo[39m]: ✅ Бот запущен как Washington's#8137
2026-07-28T22:08:33.726Z [[32minfo[39m]: ✅ Команды зарегистрированы!
2026-07-28T22:23:31.527Z [[32minfo[39m]: All tables created successfully
2026-07-28T22:23:31.529Z [[32minfo[39m]: Database initialized successfully
2026-07-28T22:23:31.530Z [[32minfo[39m]: Database initialized
2026-07-28T22:23:32.517Z [[32minfo[39m]: ✅ Бот залогинился
2026-07-28T22:23:32.686Z [[32minfo[39m]: ✅ Бот запущен как Washington's#8137
2026-07-28T22:23:33.024Z [[32minfo[39m]: ✅ Команды зарегистрированы!
2026-07-28T22:26:28.885Z [[32minfo[39m]: All tables created successfully
2026-07-28T22:26:28.887Z [[32minfo[39m]: Database initialized successfully
2026-07-28T22:26:28.887Z [[32minfo[39m]: Database initialized
2026-07-28T22:26:30.215Z [[32minfo[39m]: ✅ Бот залогинился
2026-07-28T22:26:30.551Z [[32minfo[39m]: ✅ Бот запущен как Washington's#8137
2026-07-28T22:26:30.824Z [[32minfo[39m]: ✅ Команды зарегистрированы!
2026-07-28T22:28:58.802Z [[32minfo[39m]: All tables created successfully
2026-07-28T22:28:58.805Z [[32minfo[39m]: Database initialized successfully
2026-07-28T22:28:58.806Z [[32minfo[39m]: Database initialized
2026-07-28T22:28:59.774Z [[32minfo[39m]: ✅ Бот залогинился
2026-07-28T22:29:00.111Z [[32minfo[39m]: ✅ Бот запущен как Washington's#8137
2026-07-28T22:29:00.411Z [[32minfo[39m]: ✅ Команды зарегистрированы!
2026-07-28T22:58:32.492Z [[32minfo[39m]: All tables created successfully
2026-07-28T22:58:32.494Z [[32minfo[39m]: Database initialized successfully
2026-07-28T22:58:32.494Z [[32minfo[39m]: Database initialized
2026-07-28T22:58:33.853Z [[32minfo[39m]: ✅ Бот залогинился
2026-07-28T22:58:34.028Z [[32minfo[39m]: ✅ Бот запущен как Washington's#8137
2026-07-28T22:58:34.335Z [[32minfo[39m]: ✅ Команды зарегистрированы!
2026-07-28T22:59:05.201Z [[32minfo[39m]: All tables created successfully
2026-07-28T22:59:05.203Z [[32minfo[39m]: Database initialized successfully
2026-07-28T22:59:05.203Z [[32minfo[39m]: Database initialized
2026-07-28T22:59:06.377Z [[32minfo[39m]: ✅ Бот залогинился
2026-07-28T22:59:06.602Z [[32minfo[39m]: ✅ Бот запущен как Washington's#8137
2026-07-28T22:59:06.906Z [[32minfo[39m]: ✅ Команды зарегистрированы!
2026-07-28T23:01:21.689Z [[32minfo[39m]: All tables created successfully
2026-07-28T23:01:21.692Z [[32minfo[39m]: Database initialized successfully
2026-07-28T23:01:21.692Z [[32minfo[39m]: Database initialized
2026-07-28T23:01:22.927Z [[32minfo[39m]: ✅ Бот залогинился
2026-07-28T23:01:23.122Z [[32minfo[39m]: ✅ Бот запущен как Washington's#8137
2026-07-28T23:01:23.862Z [[32minfo[39m]: ✅ Команды зарегистрированы!
2026-07-28T23:05:15.495Z [[32minfo[39m]: All tables created successfully
2026-07-28T23:05:15.497Z [[32minfo[39m]: Database initialized successfully
2026-07-28T23:05:15.497Z [[32minfo[39m]: Database initialized
2026-07-28T23:05:16.937Z [[32minfo[39m]: ✅ Бот залогинился
2026-07-28T23:05:17.159Z [[32minfo[39m]: ✅ Бот запущен как Washington's#8137
2026-07-28T23:05:17.502Z [[32minfo[39m]: ✅ Команды зарегистрированы!
2026-07-28T23:10:15.278Z [[32minfo[39m]: All tables created successfully
2026-07-28T23:10:15.281Z [[32minfo[39m]: Database initialized successfully
2026-07-28T23:10:15.281Z [[32minfo[39m]: Database initialized
2026-07-28T23:10:16.496Z [[32minfo[39m]: ✅ Бот залогинился
2026-07-28T23:10:16.845Z [[32minfo[39m]: ✅ Бот запущен как Washington's#8137
2026-07-28T23:10:17.135Z [[32minfo[39m]: ✅ Команды зарегистрированы!
2026-07-28T23:12:45.624Z [[32minfo[39m]: All tables created successfully
2026-07-28T23:12:45.626Z [[32minfo[39m]: Database initialized successfully
2026-07-28T23:12:45.626Z [[32minfo[39m]: Database initialized
2026-07-28T23:12:46.734Z [[32minfo[39m]: ✅ Бот залогинился
2026-07-28T23:12:46.922Z [[32minfo[39m]: ✅ Бот запущен как Washington's#8137
2026-07-28T23:12:47.332Z [[32minfo[39m]: ✅ Команды зарегистрированы!
2026-07-28T23:15:30.869Z [[32minfo[39m]: All tables created successfully
2026-07-28T23:15:30.872Z [[32minfo[39m]: Database initialized successfully
2026-07-28T23:15:30.872Z [[32minfo[39m]: Database initialized
2026-07-28T23:18:07.612Z [[32minfo[39m]: All tables created successfully
2026-07-28T23:18:07.614Z [[32minfo[39m]: Database initialized successfully
2026-07-28T23:18:07.615Z [[32minfo[39m]: Database initialized
2026-07-28T23:18:10.271Z [[32minfo[39m]: ✅ Бот залогинился
2026-07-28T23:18:10.458Z [[32minfo[39m]: ✅ Бот запущен как Washington's#8137
2026-07-28T23:18:10.821Z [[32minfo[39m]: ✅ Команды зарегистрированы!
2026-07-28T23:23:06.195Z [[32minfo[39m]: All tables created successfully
2026-07-28T23:23:06.199Z [[32minfo[39m]: Database initialized successfully
2026-07-28T23:23:06.200Z [[32minfo[39m]: Database initialized
2026-07-28T23:23:07.223Z [[32minfo[39m]: ✅ Бот залогинился
2026-07-28T23:23:07.402Z [[32minfo[39m]: ✅ Бот запущен как Washington's#8137
2026-07-28T23:23:07.698Z [[32minfo[39m]: ✅ Команды зарегистрированы!
2026-07-28T23:35:11.733Z [[32minfo[39m]: All tables created successfully
2026-07-28T23:35:11.734Z [[32minfo[39m]: Database initialized successfully
2026-07-28T23:35:11.735Z [[32minfo[39m]: Database initialized
2026-07-28T23:35:13.096Z [[32minfo[39m]: ✅ Бот залогинился
2026-07-28T23:35:13.268Z [[32minfo[39m]: ✅ Бот запущен как Washington's#8137
2026-07-28T23:35:13.587Z [[32minfo[39m]: ✅ Команды зарегистрированы!
2026-07-28T23:36:44.169Z [[32minfo[39m]: All tables created successfully
2026-07-28T23:36:44.172Z [[32minfo[39m]: Database initialized successfully
2026-07-28T23:36:44.172Z [[32minfo[39m]: Database initialized
2026-07-28T23:36:51.636Z [[32minfo[39m]: All tables created successfully
2026-07-28T23:36:51.638Z [[32minfo[39m]: Database initialized successfully
2026-07-28T23:36:51.639Z [[32minfo[39m]: Database initialized
2026-07-28T23:36:52.623Z [[32minfo[39m]: ✅ Бот залогинился
2026-07-28T23:36:52.795Z [[32minfo[39m]: ✅ Бот запущен как Washington's#8137
2026-07-28T23:36:53.096Z [[32minfo[39m]: ✅ Команды зарегистрированы!
2026-07-28T23:39:39.056Z [[32minfo[39m]: All tables created successfully
2026-07-28T23:39:39.059Z [[32minfo[39m]: Database initialized successfully
2026-07-28T23:39:39.059Z [[32minfo[39m]: Database initialized
2026-07-28T23:39:39.997Z [[32minfo[39m]: ✅ Бот залогинился
2026-07-28T23:39:40.391Z [[32minfo[39m]: ✅ Бот запущен как Washington's#8137
2026-07-28T23:39:40.743Z [[32minfo[39m]: ✅ Команды зарегистрированы!
2026-07-28T23:41:41.078Z [[32minfo[39m]: All tables created successfully
2026-07-28T23:41:41.080Z [[32minfo[39m]: Database initialized successfully
2026-07-28T23:41:41.080Z [[32minfo[39m]: Database initialized
2026-07-28T23:41:42.069Z [[32minfo[39m]: ✅ Бот залогинился
2026-07-28T23:41:42.407Z [[32minfo[39m]: ✅ Бот запущен как Washington's#8137
2026-07-28T23:41:42.806Z [[32minfo[39m]: ✅ Команды зарегистрированы!
2026-07-28T23:42:56.651Z [[32minfo[39m]: All tables created successfully
2026-07-28T23:42:56.653Z [[32minfo[39m]: Database initialized successfully
2026-07-28T23:42:56.653Z [[32minfo[39m]: Database initialized
2026-07-28T23:42:57.699Z [[32minfo[39m]: ✅ Бот залогинился
2026-07-28T23:42:58.036Z [[32minfo[39m]: ✅ Бот запущен как Washington's#8137
2026-07-28T23:42:58.350Z [[32minfo[39m]: ✅ Команды зарегистрированы!
2026-07-28T23:46:13.031Z [[32minfo[39m]: All tables created successfully
2026-07-28T23:46:13.033Z [[32minfo[39m]: Database initialized successfully
2026-07-28T23:46:13.033Z [[32minfo[39m]: Database initialized
2026-07-28T23:46:14.011Z [[32minfo[39m]: ✅ Бот залогинился
2026-07-28T23:46:14.210Z [[32minfo[39m]: ✅ Бот запущен как Washington's#8137
2026-07-28T23:46:15.293Z [[32minfo[39m]: ✅ Команды зарегистрированы!
2026-07-28T23:53:27.486Z [[32minfo[39m]: All tables created successfully
2026-07-28T23:53:27.488Z [[32minfo[39m]: Database initialized successfully
2026-07-28T23:53:27.489Z [[32minfo[39m]: Database initialized
2026-07-28T23:53:28.452Z [[32minfo[39m]: ✅ Бот залогинился
2026-07-28T23:53:28.626Z [[32minfo[39m]: ✅ Бот запущен как Washington's#8137
2026-07-28T23:54:13.228Z [[32minfo[39m]: All tables created successfully
2026-07-28T23:54:13.230Z [[32minfo[39m]: Database initialized successfully
2026-07-28T23:54:13.230Z [[32minfo[39m]: Database initialized
2026-07-28T23:54:49.188Z [[32minfo[39m]: All tables created successfully
2026-07-28T23:54:49.190Z [[32minfo[39m]: Database initialized successfully
2026-07-28T23:54:49.190Z [[32minfo[39m]: Database initialized
2026-07-28T23:54:50.212Z [[32minfo[39m]: ✅ Бот залогинился
2026-07-28T23:54:50.384Z [[32minfo[39m]: ✅ Бот запущен как Washington's#8137
2026-07-28T23:54:50.742Z [[32minfo[39m]: ✅ Команды зарегистрированы!
2026-07-29T00:00:33.072Z [[32minfo[39m]: All tables created successfully
2026-07-29T00:00:33.074Z [[32minfo[39m]: Database initialized successfully
2026-07-29T00:00:33.075Z [[32minfo[39m]: Database initialized
2026-07-29T00:00:34.235Z [[32minfo[39m]: ✅ Бот залогинился
2026-07-29T00:00:34.549Z [[32minfo[39m]: ✅ Бот запущен как Washington's#8137
2026-07-29T00:00:35.404Z [[32minfo[39m]: ✅ Команды зарегистрированы!
2026-07-29T02:10:23.206Z [[32minfo[39m]: All tables created successfully
2026-07-29T02:10:23.209Z [[32minfo[39m]: Database initialized successfully
2026-07-29T02:10:23.209Z [[32minfo[39m]: Database initialized
2026-07-29T02:10:24.308Z [[32minfo[39m]: ✅ Бот залогинился
2026-07-29T02:10:24.622Z [[32minfo[39m]: ✅ Бот запущен как Washington's#8137
2026-07-29T02:10:24.937Z [[32minfo[39m]: ✅ Команды зарегистрированы!
2026-07-29T02:10:28.078Z [[32minfo[39m]: 🎤 akamorilove зашел в голосовой канал
2026-07-29T02:10:41.621Z [[32minfo[39m]: 🎤 akamorilove вышел из голосового, пробыл меньше минуты
2026-07-29T02:10:45.232Z [[32minfo[39m]: 🎤 akamorilove зашел в голосовой канал
2026-07-29T02:12:49.267Z [[32minfo[39m]: 🎤 akamorilove вышел из голосового, пробыл 2 минут
2026-07-29T02:12:49.268Z [[32minfo[39m]: 💾 Сохраняем 2 минут для пользователя 810519535119499284
2026-07-29T02:12:49.308Z [[32minfo[39m]: ✅ После сохранения: у пользователя 810519535119499284 2 минут
2026-07-29T02:18:03.455Z [[32minfo[39m]: All tables created successfully
2026-07-29T02:18:03.458Z [[32minfo[39m]: Database initialized successfully
2026-07-29T02:18:03.458Z [[32minfo[39m]: Database initialized
2026-07-29T02:18:24.131Z [[32minfo[39m]: ✅ Бот залогинился
2026-07-29T02:18:24.445Z [[32minfo[39m]: ✅ Бот запущен как Washington's#8137
2026-07-29T02:18:24.821Z [[32minfo[39m]: ✅ Команды зарегистрированы!
2026-07-29T02:21:27.667Z [[32minfo[39m]: All tables created successfully
2026-07-29T02:21:27.669Z [[32minfo[39m]: Database initialized successfully
2026-07-29T02:21:27.670Z [[32minfo[39m]: Database initialized
2026-07-29T02:21:28.615Z [[32minfo[39m]: ✅ Бот залогинился
2026-07-29T02:21:28.781Z [[32minfo[39m]: ✅ Бот запущен как Washington's#8137
2026-07-29T02:21:29.148Z [[32minfo[39m]: ✅ Команды зарегистрированы!
2026-07-29T02:22:07.107Z [[32minfo[39m]: All tables created successfully
2026-07-29T02:22:07.109Z [[32minfo[39m]: Database initialized successfully
2026-07-29T02:22:07.110Z [[32minfo[39m]: Database initialized
2026-07-29T02:22:08.054Z [[32minfo[39m]: ✅ Бот залогинился
2026-07-29T02:22:08.221Z [[32minfo[39m]: ✅ Бот запущен как Washington's#8137
2026-07-29T02:22:08.510Z [[32minfo[39m]: ✅ Команды зарегистрированы!
2026-07-29T02:23:57.779Z [[32minfo[39m]: All tables created successfully
2026-07-29T02:23:57.781Z [[32minfo[39m]: Database initialized successfully
2026-07-29T02:23:57.781Z [[32minfo[39m]: Database initialized
2026-07-29T02:23:59.379Z [[32minfo[39m]: ✅ Бот залогинился
2026-07-29T02:23:59.723Z [[32minfo[39m]: ✅ Бот запущен как Washington's#8137
2026-07-29T02:24:00.084Z [[32minfo[39m]: ✅ Команды зарегистрированы!
2026-07-29T02:25:25.760Z [[32minfo[39m]: All tables created successfully
2026-07-29T02:25:25.765Z [[32minfo[39m]: Database initialized successfully
2026-07-29T02:25:25.765Z [[32minfo[39m]: Database initialized
2026-07-29T02:25:27.002Z [[32minfo[39m]: ✅ Бот залогинился
2026-07-29T02:25:27.321Z [[32minfo[39m]: ✅ Бот запущен как Washington's#8137
2026-07-29T02:25:27.601Z [[32minfo[39m]: ✅ Команды зарегистрированы!
2026-07-29T02:26:40.628Z [[32minfo[39m]: All tables created successfully
2026-07-29T02:26:40.630Z [[32minfo[39m]: Database initialized successfully
2026-07-29T02:26:40.630Z [[32minfo[39m]: Database initialized
2026-07-29T02:26:41.850Z [[32minfo[39m]: ✅ Бот залогинился
2026-07-29T02:26:42.026Z [[32minfo[39m]: ✅ Бот запущен как Washington's#8137
2026-07-29T02:26:42.333Z [[32minfo[39m]: ✅ Команды зарегистрированы!
2026-07-29T02:30:13.232Z [[32minfo[39m]: All tables created successfully
2026-07-29T02:30:13.234Z [[32minfo[39m]: Database initialized successfully
2026-07-29T02:30:13.234Z [[32minfo[39m]: Database initialized
2026-07-29T02:30:14.368Z [[32minfo[39m]: ✅ Бот залогинился
2026-07-29T02:30:14.548Z [[32minfo[39m]: ✅ Бот запущен как Washington's#8137
2026-07-29T02:30:14.855Z [[32minfo[39m]: ✅ Команды зарегистрированы!
2026-07-29T02:34:12.599Z [[32minfo[39m]: All tables created successfully
2026-07-29T02:34:12.601Z [[32minfo[39m]: Database initialized successfully
2026-07-29T02:34:12.601Z [[32minfo[39m]: Database initialized
2026-07-29T02:34:15.411Z [[32minfo[39m]: ✅ Бот залогинился
2026-07-29T02:34:15.764Z [[32minfo[39m]: ✅ Бот запущен как Washington's#8137
2026-07-29T02:34:16.117Z [[32minfo[39m]: ✅ Команды зарегистрированы!
2026-07-29T02:37:08.253Z [[32minfo[39m]: All tables created successfully
2026-07-29T02:37:08.256Z [[32minfo[39m]: Database initialized successfully
2026-07-29T02:37:08.256Z [[32minfo[39m]: Database initialized
2026-07-29T02:37:09.314Z [[32minfo[39m]: ✅ Бот залогинился
2026-07-29T02:37:09.630Z [[32minfo[39m]: ✅ Бот запущен как Washington's#8137
2026-07-29T02:37:09.935Z [[32minfo[39m]: ✅ Команды зарегистрированы!
2026-07-29T02:56:15.605Z [[32minfo[39m]: All tables created successfully
2026-07-29T02:56:15.606Z [[32minfo[39m]: Database initialized successfully
2026-07-29T02:56:15.607Z [[32minfo[39m]: Database initialized
2026-07-29T02:56:16.831Z [[32minfo[39m]: ✅ Бот залогинился
2026-07-29T02:56:17.118Z [[32minfo[39m]: ✅ Бот запущен как Washington's#8137
2026-07-29T02:56:17.480Z [[32minfo[39m]: ✅ Команды зарегистрированы!
2026-07-29T03:00:55.925Z [[32minfo[39m]: All tables created successfully
2026-07-29T03:00:55.927Z [[32minfo[39m]: Database initialized successfully
2026-07-29T03:00:55.927Z [[32minfo[39m]: Database initialized
2026-07-29T03:00:56.913Z [[32minfo[39m]: ✅ Бот залогинился
2026-07-29T03:00:57.258Z [[32minfo[39m]: ✅ Бот запущен как Washington's#8137
2026-07-29T03:00:57.558Z [[32minfo[39m]: ✅ Команды зарегистрированы!
2026-07-29T03:01:29.938Z [[32minfo[39m]: User 644872892684959755 set birthday to 02/08
2026-07-29T03:13:20.417Z [[32minfo[39m]: All tables created successfully
2026-07-29T03:13:20.420Z [[32minfo[39m]: Database initialized successfully
2026-07-29T03:13:20.421Z [[32minfo[39m]: Database initialized
2026-07-29T03:13:21.455Z [[32minfo[39m]: ✅ Бот залогинился
2026-07-29T03:13:21.766Z [[32minfo[39m]: ✅ Бот запущен как Washington's#8137
2026-07-29T03:13:22.160Z [[32minfo[39m]: ✅ Команды зарегистрированы!
2026-07-29T03:15:53.229Z [[32minfo[39m]: All tables created successfully
2026-07-29T03:15:53.231Z [[32minfo[39m]: Database initialized successfully
2026-07-29T03:15:53.231Z [[32minfo[39m]: Database initialized
2026-07-29T03:15:54.160Z [[32minfo[39m]: ✅ Бот залогинился
2026-07-29T03:15:54.336Z [[32minfo[39m]: ✅ Бот запущен как Washington's#8137
2026-07-29T03:15:54.641Z [[32minfo[39m]: ✅ Команды зарегистрированы!
2026-07-29T03:18:09.341Z [[32minfo[39m]: All tables created successfully
2026-07-29T03:18:09.344Z [[32minfo[39m]: Database initialized successfully
2026-07-29T03:18:09.344Z [[32minfo[39m]: Database initialized
2026-07-29T03:18:10.333Z [[32minfo[39m]: ✅ Бот залогинился
2026-07-29T03:18:10.625Z [[32minfo[39m]: ✅ Бот запущен как Washington's#8137
2026-07-29T03:18:10.952Z [[32minfo[39m]: ✅ Команды зарегистрированы!
2026-07-29T03:18:44.687Z [[32minfo[39m]: User 644872892684959755 set birthday to 02/08
2026-07-29T03:25:11.698Z [[32minfo[39m]: All tables created successfully
2026-07-29T03:25:11.700Z [[32minfo[39m]: Database initialized successfully
2026-07-29T03:25:11.700Z [[32minfo[39m]: Database initialized
2026-07-29T03:25:13.000Z [[32minfo[39m]: ✅ Бот залогинился
2026-07-29T03:25:13.200Z [[32minfo[39m]: ✅ Бот запущен как Washington's#8137
2026-07-29T03:25:13.531Z [[32minfo[39m]: ✅ Команды зарегистрированы!
2026-07-29T03:25:28.904Z [[32minfo[39m]: User 644872892684959755 set birthday to 02/08
2026-07-29T03:28:38.007Z [[32minfo[39m]: All tables created successfully
2026-07-29T03:28:38.010Z [[32minfo[39m]: Database initialized successfully
2026-07-29T03:28:38.011Z [[32minfo[39m]: Database initialized
2026-07-29T03:28:39.165Z [[32minfo[39m]: ✅ Бот залогинился
2026-07-29T03:28:39.339Z [[32minfo[39m]: ✅ Бот запущен как Washington's#8137
2026-07-29T03:28:39.617Z [[32minfo[39m]: ✅ Команды зарегистрированы!
2026-07-29T03:45:12.269Z [[32minfo[39m]: All tables created successfully
2026-07-29T03:45:12.271Z [[32minfo[39m]: Database initialized successfully
2026-07-29T03:45:12.271Z [[32minfo[39m]: Database initialized
2026-07-29T03:45:13.766Z [[32minfo[39m]: ✅ Бот залогинился
2026-07-29T03:45:14.067Z [[32minfo[39m]: ✅ Бот запущен как Washington's#8137
2026-07-29T03:45:14.364Z [[32minfo[39m]: ✅ Команды зарегистрированы!
2026-07-29T03:59:53.466Z [[32minfo[39m]: 🎤 ahiyadzaki зашел в голосовой канал
2026-07-29T04:13:39.297Z [[32minfo[39m]: All tables created successfully
2026-07-29T04:13:39.300Z [[32minfo[39m]: Database initialized successfully
2026-07-29T04:13:39.301Z [[32minfo[39m]: Database initialized
2026-07-29T04:13:40.718Z [[32minfo[39m]: ✅ Бот залогинился
2026-07-29T04:13:41.192Z [[32minfo[39m]: ✅ Бот запущен как Washington's#8137
2026-07-29T04:13:41.496Z [[32minfo[39m]: ✅ Команды зарегистрированы!
2026-07-29T04:15:45.699Z [[32minfo[39m]: All tables created successfully
2026-07-29T04:15:45.701Z [[32minfo[39m]: Database initialized successfully
2026-07-29T04:15:45.702Z [[32minfo[39m]: Database initialized
2026-07-29T04:15:46.700Z [[32minfo[39m]: ✅ Бот залогинился
2026-07-29T04:15:47.020Z [[32minfo[39m]: ✅ Бот запущен как Washington's#8137
2026-07-29T04:15:47.364Z [[32minfo[39m]: ✅ Команды зарегистрированы!
2026-07-29T04:17:39.803Z [[32minfo[39m]: All tables created successfully
2026-07-29T04:17:39.805Z [[32minfo[39m]: Database initialized successfully
2026-07-29T04:17:39.805Z [[32minfo[39m]: Database initialized
2026-07-29T04:17:40.868Z [[32minfo[39m]: ✅ Бот залогинился
2026-07-29T04:17:41.058Z [[32minfo[39m]: ✅ Бот запущен как Washington's#8137
2026-07-29T04:17:41.363Z [[32minfo[39m]: ✅ Команды зарегистрированы!
2026-07-29T04:52:19.226Z [[32minfo[39m]: 🎤 timwhgt зашел в голосовой канал
2026-07-29T05:09:50.528Z [[32minfo[39m]: 🎤 timwhgt вышел из голосового, пробыл 17 минут
2026-07-29T05:09:50.529Z [[32minfo[39m]: 💾 Сохраняем 17 минут для пользователя 767972606204182570
2026-07-29T05:09:50.548Z [[32minfo[39m]: ✅ После сохранения: у пользователя 767972606204182570 17 минут
2026-07-29T08:20:26.930Z [[32minfo[39m]: 🎤 cocainepony зашел в голосовой канал
2026-07-29T08:38:43.022Z [[32minfo[39m]: 🎤 cocainepony вышел из голосового, пробыл 18 минут
2026-07-29T08:38:43.022Z [[32minfo[39m]: 💾 Сохраняем 18 минут для пользователя 671816428734906388
2026-07-29T08:38:43.039Z [[32minfo[39m]: ✅ После сохранения: у пользователя 671816428734906388 18 минут
2026-07-29T10:15:34.430Z [[32minfo[39m]: 🎤 cocainepony зашел в голосовой канал
2026-07-29T10:15:43.512Z [[32minfo[39m]: 🎤 ea70900 зашел в голосовой канал
2026-07-29T10:15:50.556Z [[32minfo[39m]: 🎤 psyhodelik20067 зашел в голосовой канал
2026-07-29T10:24:12.989Z [[32minfo[39m]: 🎤 zanteco зашел в голосовой канал
2026-07-29T10:35:50.133Z [[32minfo[39m]: 🎤 danyawwww зашел в голосовой канал
2026-07-29T10:46:48.442Z [[32minfo[39m]: 🎤 detyo0467 зашел в голосовой канал
2026-07-29T11:06:34.883Z [[32minfo[39m]: 🎤 danyawwww вышел из голосового, пробыл 30 минут
2026-07-29T11:06:34.884Z [[32minfo[39m]: 💾 Сохраняем 30 минут для пользователя 931886278822215730
2026-07-29T11:06:34.899Z [[32minfo[39m]: ✅ После сохранения: у пользователя 931886278822215730 30 минут
2026-07-29T11:08:19.841Z [[32minfo[39m]: 🎤 cocainepony вышел из голосового, пробыл 52 минут
2026-07-29T11:08:19.841Z [[32minfo[39m]: 💾 Сохраняем 52 минут для пользователя 671816428734906388
2026-07-29T11:08:19.858Z [[32minfo[39m]: ✅ После сохранения: у пользователя 671816428734906388 70 минут
2026-07-29T11:08:38.051Z [[32minfo[39m]: 🎤 kastis5439 зашел в голосовой канал
2026-07-29T11:22:49.309Z [[32minfo[39m]: 🎤 kastis5439 вышел из голосового, пробыл 14 минут
2026-07-29T11:22:49.309Z [[32minfo[39m]: 💾 Сохраняем 14 минут для пользователя 926786419450605608
2026-07-29T11:22:49.326Z [[32minfo[39m]: ✅ После сохранения: у пользователя 926786419450605608 14 минут
2026-07-29T11:50:32.785Z [[32minfo[39m]: 🎤 ahiyadzaki зашел в голосовой канал
2026-07-29T12:07:20.016Z [[32minfo[39m]: 🎤 detyo0467 вышел из голосового, пробыл 80 минут
2026-07-29T12:07:20.016Z [[32minfo[39m]: 💾 Сохраняем 80 минут для пользователя 1530954978641055765
2026-07-29T12:07:20.034Z [[32minfo[39m]: ✅ После сохранения: у пользователя 1530954978641055765 80 минут
2026-07-29T12:07:27.936Z [[32minfo[39m]: 🎤 detyo0467 зашел в голосовой канал
2026-07-29T12:19:58.653Z [[32minfo[39m]: 🎤 detyo0467 вышел из голосового, пробыл 12 минут
2026-07-29T12:19:58.653Z [[32minfo[39m]: 💾 Сохраняем 12 минут для пользователя 1530954978641055765
2026-07-29T12:19:58.671Z [[32minfo[39m]: ✅ После сохранения: у пользователя 1530954978641055765 92 минут
2026-07-29T12:21:21.921Z [[32minfo[39m]: 🎤 detyo0467 зашел в голосовой канал
2026-07-29T12:38:14.237Z [[32minfo[39m]: User 931886278822215730 set birthday to 09/02
2026-07-29T12:58:36.230Z [[32minfo[39m]: 🎤 zakhar_makeev зашел в голосовой канал
2026-07-29T13:03:21.344Z [[32minfo[39m]: 🎤 bibuls_19821 зашел в голосовой канал
2026-07-29T13:08:09.198Z [[32minfo[39m]: 🎤 shini0450 зашел в голосовой канал
2026-07-29T13:08:19.144Z [[32minfo[39m]: 🎤 shini0450 вышел из голосового, пробыл меньше минуты
2026-07-29T13:10:11.754Z [[32minfo[39m]: 🎤 zakhar_makeev вышел из голосового, пробыл 11 минут
2026-07-29T13:10:11.754Z [[32minfo[39m]: 💾 Сохраняем 11 минут для пользователя 964616966092488765
2026-07-29T13:10:11.774Z [[32minfo[39m]: ✅ После сохранения: у пользователя 964616966092488765 11 минут
2026-07-29T13:42:26.644Z [[32minfo[39m]: 🎤 psyhodelik20067 вышел из голосового, пробыл 206 минут
2026-07-29T13:42:26.645Z [[32minfo[39m]: 💾 Сохраняем 206 минут для пользователя 1380846743121432618
2026-07-29T13:42:26.665Z [[32minfo[39m]: ✅ После сохранения: у пользователя 1380846743121432618 206 минут
2026-07-29T13:42:31.320Z [[32minfo[39m]: 🎤 zanteco вышел из голосового, пробыл 198 минут
2026-07-29T13:42:31.320Z [[32minfo[39m]: 💾 Сохраняем 198 минут для пользователя 945349975854940160
2026-07-29T13:42:31.358Z [[32minfo[39m]: ✅ После сохранения: у пользователя 945349975854940160 198 минут
2026-07-29T13:43:39.263Z [[32minfo[39m]: 🎤 detyo0467 вышел из голосового, пробыл 82 минут
2026-07-29T13:43:39.264Z [[32minfo[39m]: 💾 Сохраняем 82 минут для пользователя 1530954978641055765
2026-07-29T13:43:39.290Z [[32minfo[39m]: ✅ После сохранения: у пользователя 1530954978641055765 174 минут
2026-07-29T13:47:50.930Z [[32minfo[39m]: User 1522571048829321257 set birthday to 05/03
2026-07-29T13:54:57.593Z [[32minfo[39m]: 🎤 ea70900 вышел из голосового, пробыл 219 минут
2026-07-29T13:54:57.594Z [[32minfo[39m]: 💾 Сохраняем 219 минут для пользователя 1481363617256444076
2026-07-29T13:54:57.613Z [[32minfo[39m]: ✅ После сохранения: у пользователя 1481363617256444076 219 минут
2026-07-29T14:03:07.723Z [[32minfo[39m]: 🎤 ea70900 зашел в голосовой канал
2026-07-29T14:04:16.743Z [[32minfo[39m]: 🎤 bibuls_19821 вышел из голосового, пробыл 60 минут
2026-07-29T14:04:16.743Z [[32minfo[39m]: 💾 Сохраняем 60 минут для пользователя 1156996788289544222
2026-07-29T14:04:16.783Z [[32minfo[39m]: ✅ После сохранения: у пользователя 1156996788289544222 60 минут
2026-07-29T14:06:30.334Z [[32minfo[39m]: 🎤 ea70900 вышел из голосового, пробыл 3 минут
2026-07-29T14:06:30.334Z [[32minfo[39m]: 💾 Сохраняем 3 минут для пользователя 1481363617256444076
2026-07-29T14:06:30.356Z [[32minfo[39m]: ✅ После сохранения: у пользователя 1481363617256444076 222 минут
2026-07-29T14:38:55.352Z [[32minfo[39m]: 🎤 ahiyadzaki вышел из голосового, пробыл 168 минут
2026-07-29T14:38:55.352Z [[32minfo[39m]: 💾 Сохраняем 168 минут для пользователя 644872892684959755
2026-07-29T14:38:55.372Z [[32minfo[39m]: ✅ После сохранения: у пользователя 644872892684959755 168 минут
2026-07-29T16:08:35.190Z [[32minfo[39m]: 🎤 ahiyadzaki зашел в голосовой канал
2026-07-29T16:28:54.703Z [[32minfo[39m]: 🎤 lama221 зашел в голосовой канал
2026-07-29T16:40:06.065Z [[32minfo[39m]: 🎤 lama221 вышел из голосового, пробыл 11 минут
2026-07-29T16:40:06.065Z [[32minfo[39m]: 💾 Сохраняем 11 минут для пользователя 926124780493627402
2026-07-29T16:40:06.084Z [[32minfo[39m]: ✅ После сохранения: у пользователя 926124780493627402 11 минут
2026-07-29T16:50:07.306Z [[32minfo[39m]: 🎤 danyawwww зашел в голосовой канал
2026-07-29T17:32:30.242Z [[32minfo[39m]: 🎤 ahiyadzaki вышел из голосового, пробыл 83 минут
2026-07-29T17:32:30.242Z [[32minfo[39m]: 💾 Сохраняем 83 минут для пользователя 644872892684959755
2026-07-29T17:32:30.261Z [[32minfo[39m]: ✅ После сохранения: у пользователя 644872892684959755 251 минут
2026-07-29T17:41:06.622Z [[32minfo[39m]: 🎤 ahiyadzaki зашел в голосовой канал
2026-07-29T18:24:47.310Z [[32minfo[39m]: 🎤 vivochka_20 зашел в голосовой канал
2026-07-29T18:46:52.409Z [[32minfo[39m]: 🎤 vivochka_20 вышел из голосового, пробыл 22 минут
2026-07-29T18:46:52.409Z [[32minfo[39m]: 💾 Сохраняем 22 минут для пользователя 972947306674536448
2026-07-29T18:46:52.430Z [[32minfo[39m]: ✅ После сохранения: у пользователя 972947306674536448 22 минут
2026-07-29T19:03:34.336Z [[32minfo[39m]: 🎤 bors_yam зашел в голосовой канал
2026-07-29T19:08:53.913Z [[32minfo[39m]: 🎤 timwhgt зашел в голосовой канал
2026-07-29T19:15:46.662Z [[32minfo[39m]: 🎤 timwhgt вышел из голосового, пробыл 6 минут
2026-07-29T19:15:46.663Z [[32minfo[39m]: 💾 Сохраняем 6 минут для пользователя 767972606204182570
2026-07-29T19:15:46.682Z [[32minfo[39m]: ✅ После сохранения: у пользователя 767972606204182570 23 минут
2026-07-29T19:16:42.941Z [[32minfo[39m]: 🎤 bors_yam вышел из голосового, пробыл 13 минут
2026-07-29T19:16:42.942Z [[32minfo[39m]: 💾 Сохраняем 13 минут для пользователя 932690081918115890
2026-07-29T19:16:42.962Z [[32minfo[39m]: ✅ После сохранения: у пользователя 932690081918115890 13 минут
2026-07-29T19:36:15.059Z [[32minfo[39m]: 🎤 timwhgt зашел в голосовой канал
2026-07-29T19:39:46.935Z [[32minfo[39m]: 🎤 timwhgt вышел из голосового, пробыл 3 минут
2026-07-29T19:39:46.935Z [[32minfo[39m]: 💾 Сохраняем 3 минут для пользователя 767972606204182570
2026-07-29T19:39:46.952Z [[32minfo[39m]: ✅ После сохранения: у пользователя 767972606204182570 26 минут
2026-07-29T19:44:47.918Z [[32minfo[39m]: 🎤 death.moon. зашел в голосовой канал
2026-07-29T19:45:07.799Z [[32minfo[39m]: 🎤 danyawwww вышел из голосового, пробыл 175 минут
2026-07-29T19:45:07.799Z [[32minfo[39m]: 💾 Сохраняем 175 минут для пользователя 931886278822215730
2026-07-29T19:45:07.817Z [[32minfo[39m]: ✅ После сохранения: у пользователя 931886278822215730 205 минут
2026-07-29T19:51:06.213Z [[32minfo[39m]: 🎤 ahiyadzaki вышел из голосового, пробыл 129 минут
2026-07-29T19:51:06.214Z [[32minfo[39m]: 💾 Сохраняем 129 минут для пользователя 644872892684959755
2026-07-29T19:51:06.230Z [[32minfo[39m]: ✅ После сохранения: у пользователя 644872892684959755 380 минут
2026-07-29T22:35:30.868Z [[32minfo[39m]: All tables created successfully
2026-07-29T22:35:30.870Z [[32minfo[39m]: Database initialized successfully
2026-07-29T22:35:30.870Z [[32minfo[39m]: Database initialized
2026-07-29T22:35:31.892Z [[32minfo[39m]: ✅ Бот залогинился
2026-07-29T22:35:32.227Z [[32minfo[39m]: ✅ Бот запущен как Washington's#8137
2026-07-29T22:35:32.554Z [[32minfo[39m]: ✅ Команды зарегистрированы!
2026-07-29T22:42:33.493Z [[32minfo[39m]: 🎤 ea70900 зашел в голосовой канал
2026-07-29T22:42:50.329Z [[32minfo[39m]: 🎤 ea70900 вышел из голосового, пробыл меньше минуты
2026-07-29T22:42:51.708Z [[32minfo[39m]: 🎤 ea70900 зашел в голосовой канал
2026-07-29T23:01:58.784Z [[32minfo[39m]: 🎤 lama221 зашел в голосовой канал
2026-07-29T23:02:21.061Z [[32minfo[39m]: 🎤 lama221 вышел из голосового, пробыл меньше минуты
2026-07-29T23:23:11.067Z [[32minfo[39m]: 🎤 death.moon. зашел в голосовой канал
2026-07-30T00:07:56.043Z [[32minfo[39m]: 🎤 death.moon. вышел из голосового, пробыл 44 минут
2026-07-30T00:07:57.674Z [[32minfo[39m]: 💾 Сохраняем 44 минут для пользователя 446039645525114881
2026-07-30T00:08:01.413Z [[32minfo[39m]: ✅ После сохранения: у пользователя 446039645525114881 44 минут
2026-07-31T06:53:44.490Z [[32minfo[39m]: All tables created successfully
2026-07-31T06:53:44.492Z [[32minfo[39m]: Database initialized successfully
2026-07-31T06:53:44.492Z [[32minfo[39m]: Database initialized
2026-07-31T06:53:45.566Z [[32minfo[39m]: ✅ Бот залогинился
2026-07-31T06:53:45.752Z [[32minfo[39m]: ✅ Бот запущен как Washington's#8137
2026-07-31T06:53:46.117Z [[32minfo[39m]: ✅ Команды зарегистрированы!
2026-07-31T07:08:20.303Z [[32minfo[39m]: All tables created successfully
2026-07-31T07:08:20.305Z [[32minfo[39m]: Database initialized successfully
2026-07-31T07:08:20.306Z [[32minfo[39m]: Database initialized
2026-07-31T07:08:21.334Z [[32minfo[39m]: ✅ Бот залогинился
2026-07-31T07:08:21.521Z [[32minfo[39m]: ✅ Бот запущен как Washington's#8137
2026-07-31T07:08:21.940Z [[32minfo[39m]: ✅ Команды зарегистрированы!
2026-07-31T07:09:51.988Z [[32minfo[39m]: 🎤 ahiyadzaki зашел в голосовой канал
2026-07-31T07:11:26.817Z [[32minfo[39m]: 🎤 danyawwww зашел в голосовой канал
2026-07-31T07:11:30.258Z [[32minfo[39m]: 🎤 danyawwww вышел из голосового, пробыл меньше минуты
2026-07-31T07:11:41.886Z [[32minfo[39m]: 🎤 danyawwww зашел в голосовой канал
2026-07-31T07:11:43.563Z [[32minfo[39m]: 🎤 danyawwww вышел из голосового, пробыл меньше минуты
2026-07-31T07:11:54.897Z [[32minfo[39m]: 🎤 danyawwww зашел в голосовой канал
2026-07-31T07:12:11.567Z [[32minfo[39m]: 🎤 danyawwww вышел из голосового, пробыл меньше минуты
2026-07-31T07:12:39.644Z [[32minfo[39m]: 🎤 danyawwww зашел в голосовой канал
2026-07-31T07:17:34.204Z [[32minfo[39m]: 🎤 excellent6149 зашел в голосовой канал
2026-07-31T07:17:37.117Z [[32minfo[39m]: 🎤 excellent6149 вышел из голосового, пробыл меньше минуты
2026-07-31T07:25:15.305Z [[32minfo[39m]: All tables created successfully
2026-07-31T07:25:15.312Z [[32minfo[39m]: Database initialized successfully
2026-07-31T07:25:15.312Z [[32minfo[39m]: Database initialized
2026-07-31T07:25:16.509Z [[32minfo[39m]: ✅ Бот залогинился
2026-07-31T07:25:16.820Z [[32minfo[39m]: ✅ Бот запущен как Washington's#8137
2026-07-31T07:25:17.198Z [[32minfo[39m]: ✅ Команды зарегистрированы!
2026-07-31T07:25:29.887Z [[32minfo[39m]: 🎤 ahiyadzaki зашел в голосовой канал
2026-07-31T07:27:51.004Z [[32minfo[39m]: All tables created successfully
2026-07-31T07:27:51.011Z [[32minfo[39m]: Database initialized successfully
2026-07-31T07:27:51.011Z [[32minfo[39m]: Database initialized
2026-07-31T07:27:52.036Z [[32minfo[39m]: ✅ Бот залогинился
2026-07-31T07:27:52.225Z [[32minfo[39m]: ✅ Бот запущен как Washington's#8137
2026-07-31T07:27:52.819Z [[32minfo[39m]: ✅ Команды зарегистрированы!
2026-07-31T07:33:54.131Z [[32minfo[39m]: 🎤 david_4ik234_14356 зашел в голосовой канал
2026-07-31T07:41:37.215Z [[32minfo[39m]: Car added: Benefactor JLS 63 X166 by 644872892684959755
2026-07-31T07:41:55.148Z [[32minfo[39m]: Car added: Ubermacht W5 H90 LCI 2021 by 644872892684959755
2026-07-31T07:42:10.060Z [[32minfo[39m]: Car added: Benefactor S-series 600 Pushman X222 by 644872892684959755
2026-07-31T07:42:25.320Z [[32minfo[39m]: Car added: Pfister Paramena by 644872892684959755
2026-07-31T07:48:22.089Z [[32minfo[39m]: All tables created successfully
2026-07-31T07:48:22.091Z [[32minfo[39m]: Database initialized successfully
2026-07-31T07:48:22.091Z [[32minfo[39m]: Database initialized
2026-07-31T07:48:23.165Z [[32minfo[39m]: ✅ Бот залогинился
2026-07-31T07:48:23.369Z [[32minfo[39m]: ✅ Бот запущен как Washington's#8137
2026-07-31T07:48:23.743Z [[32minfo[39m]: ✅ Команды зарегистрированы!
2026-07-31T07:49:58.047Z [[32minfo[39m]: 🎤 kolba4ka2.0_79510 зашел в голосовой канал
2026-07-31T07:51:27.021Z [[32minfo[39m]: 🎤 kolba4ka2.0_79510 вышел из голосового, пробыл 1 минут
2026-07-31T07:51:27.022Z [[32minfo[39m]: 💾 Сохраняем 1 минут для пользователя 1333775578649727037
2026-07-31T07:51:27.041Z [[32minfo[39m]: ✅ После сохранения: у пользователя 1333775578649727037 1 минут
2026-07-31T07:54:37.094Z [[32minfo[39m]: All tables created successfully
2026-07-31T07:54:37.096Z [[32minfo[39m]: Database initialized successfully
2026-07-31T07:54:37.096Z [[32minfo[39m]: Database initialized
2026-07-31T07:54:38.207Z [[32minfo[39m]: ✅ Бот залогинился
2026-07-31T07:54:38.408Z [[32minfo[39m]: ✅ Бот запущен как Washington's#8137
2026-07-31T07:54:38.912Z [[32minfo[39m]: ✅ Команды зарегистрированы!
2026-07-31T08:05:04.456Z [[32minfo[39m]: All tables created successfully
2026-07-31T08:05:04.460Z [[32minfo[39m]: Database initialized successfully
2026-07-31T08:05:04.460Z [[32minfo[39m]: Database initialized
2026-07-31T08:05:05.668Z [[32minfo[39m]: ✅ Бот залогинился
2026-07-31T08:05:05.866Z [[32minfo[39m]: ✅ Бот запущен как Washington's#8137
2026-07-31T08:05:06.302Z [[32minfo[39m]: ✅ Команды зарегистрированы!
2026-07-31T08:27:15.433Z [[32minfo[39m]: All tables created successfully
2026-07-31T08:27:15.439Z [[32minfo[39m]: Database initialized successfully
2026-07-31T08:27:15.440Z [[32minfo[39m]: Database initialized
2026-07-31T08:27:16.850Z [[32minfo[39m]: ✅ Бот залогинился
2026-07-31T08:27:17.158Z [[32minfo[39m]: ✅ Бот запущен как Washington's#8137
2026-07-31T08:27:17.562Z [[32minfo[39m]: ✅ Команды зарегистрированы!
2026-07-31T08:47:20.671Z [[32minfo[39m]: 🎤 david_4ik234_14356 зашел в голосовой канал
2026-07-31T08:54:54.164Z [[32minfo[39m]: 🎤 hd.hp зашел в голосовой канал
2026-07-31T08:57:38.108Z [[32minfo[39m]: All tables created successfully
2026-07-31T08:57:38.110Z [[32minfo[39m]: Database initialized successfully
2026-07-31T08:57:38.111Z [[32minfo[39m]: Database initialized
2026-07-31T08:57:39.343Z [[32minfo[39m]: ✅ Бот залогинился
2026-07-31T08:57:39.787Z [[32minfo[39m]: ✅ Бот запущен как Washington's#8137
2026-07-31T08:57:40.095Z [[32minfo[39m]: ✅ Команды зарегистрированы!
2026-07-31T08:59:07.823Z [[32minfo[39m]: All tables created successfully
2026-07-31T08:59:07.826Z [[32minfo[39m]: Database initialized successfully
2026-07-31T08:59:07.826Z [[32minfo[39m]: Database initialized
2026-07-31T08:59:08.881Z [[32minfo[39m]: ✅ Бот залогинился
2026-07-31T08:59:09.058Z [[32minfo[39m]: ✅ Бот запущен как Washington's#8137
2026-07-31T08:59:09.381Z [[32minfo[39m]: ✅ Команды зарегистрированы!
2026-07-31T08:59:34.897Z [[32minfo[39m]: Создан голосовой канал "Ожидание обзвона"
2026-07-31T08:59:35.302Z [[32minfo[39m]: Создан голосовой канал "Обзвон"
2026-07-31T09:15:30.894Z [[32minfo[39m]: All tables created successfully
2026-07-31T09:15:30.899Z [[32minfo[39m]: Database initialized successfully
2026-07-31T09:15:30.900Z [[32minfo[39m]: Database initialized
2026-07-31T09:15:32.193Z [[32minfo[39m]: ✅ Бот залогинился
2026-07-31T09:15:32.412Z [[32minfo[39m]: ✅ Бот запущен как Washington's#8137
2026-07-31T09:15:32.705Z [[32minfo[39m]: ✅ Команды зарегистрированы!
2026-07-31T09:16:43.589Z [[32minfo[39m]: All tables created successfully
2026-07-31T09:16:43.592Z [[32minfo[39m]: Database initialized successfully
2026-07-31T09:16:43.592Z [[32minfo[39m]: Database initialized
2026-07-31T09:16:44.573Z [[32minfo[39m]: ✅ Бот залогинился
2026-07-31T09:16:44.749Z [[32minfo[39m]: ✅ Бот запущен как Washington's#8137
2026-07-31T09:16:45.119Z [[32minfo[39m]: ✅ Команды зарегистрированы!
2026-07-31T09:17:15.113Z [[32minfo[39m]: Создана категория "Заявки в семью"
2026-07-31T09:18:59.089Z [[32minfo[39m]: All tables created successfully
2026-07-31T09:18:59.092Z [[32minfo[39m]: Database initialized successfully
2026-07-31T09:18:59.092Z [[32minfo[39m]: Database initialized
2026-07-31T09:19:00.134Z [[32minfo[39m]: ✅ Бот залогинился
2026-07-31T09:19:00.476Z [[32minfo[39m]: ✅ Бот запущен как Washington's#8137
2026-07-31T09:19:00.816Z [[32minfo[39m]: ✅ Команды зарегистрированы!
2026-07-31T09:19:13.733Z [[32minfo[39m]: Создан голосовой канал "Ожидание обзвона"
2026-07-31T09:19:14.157Z [[32minfo[39m]: Создан голосовой канал "Обзвон"
2026-07-31T09:21:47.951Z [[32minfo[39m]: All tables created successfully
2026-07-31T09:21:47.953Z [[32minfo[39m]: Database initialized successfully
2026-07-31T09:21:47.953Z [[32minfo[39m]: Database initialized
2026-07-31T09:21:49.072Z [[32minfo[39m]: ✅ Бот залогинился
2026-07-31T09:21:49.263Z [[32minfo[39m]: ✅ Бот запущен как Washington's#8137
2026-07-31T09:21:49.698Z [[32minfo[39m]: ✅ Команды зарегистрированы!
2026-07-31T09:22:12.122Z [[32minfo[39m]: Создан голосовой канал "Ожидание обзвона"
2026-07-31T09:22:12.733Z [[32minfo[39m]: Создан голосовой канал "Обзвон"
2026-07-31T09:37:17.435Z [[32minfo[39m]: All tables created successfully
2026-07-31T09:37:17.438Z [[32minfo[39m]: Database initialized successfully
2026-07-31T09:37:17.439Z [[32minfo[39m]: Database initialized
2026-07-31T09:37:18.501Z [[32minfo[39m]: ✅ Бот залогинился
2026-07-31T09:37:18.799Z [[32minfo[39m]: ✅ Бот запущен как Washington's#8137
2026-07-31T09:37:19.236Z [[32minfo[39m]: ✅ Команды зарегистрированы!
2026-07-31T09:38:57.409Z [[32minfo[39m]: All tables created successfully
2026-07-31T09:38:57.413Z [[32minfo[39m]: Database initialized successfully
2026-07-31T09:38:57.414Z [[32minfo[39m]: Database initialized
2026-07-31T09:38:58.503Z [[32minfo[39m]: ✅ Бот залогинился
2026-07-31T09:38:58.823Z [[32minfo[39m]: ✅ Бот запущен как Washington's#8137
2026-07-31T09:38:59.496Z [[32minfo[39m]: ✅ Команды зарегистрированы!
2026-07-31T09:40:26.322Z [[32minfo[39m]: День рождения 02/08 добавлен для пользователя 644872892684959755
2026-07-31T09:47:25.972Z [[32minfo[39m]: 🎤 david_4ik234_14356 зашел в голосовой канал
2026-07-31T09:51:47.437Z [[32minfo[39m]: 🎤 zimbago зашел в голосовой канал
2026-07-31T09:53:46.113Z [[32minfo[39m]: 🎤 hd.hp зашел в голосовой канал
2026-07-31T09:55:08.291Z [[32minfo[39m]: 🎤 menerasq зашел в голосовой канал
2026-07-31T09:59:10.379Z [[32minfo[39m]: 🎤 hd.hp вышел из голосового, пробыл 5 минут
2026-07-31T09:59:10.379Z [[32minfo[39m]: 💾 Сохраняем 5 минут для пользователя 1522571048829321257
2026-07-31T09:59:10.396Z [[32minfo[39m]: ✅ После сохранения: у пользователя 1522571048829321257 5 минут
2026-07-31T10:00:57.041Z [[32minfo[39m]: 🎤 hd.hp зашел в голосовой канал
2026-07-31T10:02:46.062Z [[32minfo[39m]: 🎤 hd.hp вышел из голосового, пробыл 1 минут
2026-07-31T10:02:46.062Z [[32minfo[39m]: 💾 Сохраняем 1 минут для пользователя 1522571048829321257
2026-07-31T10:02:46.079Z [[32minfo[39m]: ✅ После сохранения: у пользователя 1522571048829321257 6 минут
2026-07-31T10:04:48.998Z [[32minfo[39m]: 🎤 hd.hp зашел в голосовой канал
2026-07-31T10:18:47.149Z [[32minfo[39m]: 🎤 fedor_bylgakov зашел в голосовой канал
2026-07-31T10:20:29.386Z [[32minfo[39m]: 🎤 hd.hp вышел из голосового, пробыл 15 минут
2026-07-31T10:20:29.386Z [[32minfo[39m]: 💾 Сохраняем 15 минут для пользователя 1522571048829321257
2026-07-31T10:20:29.435Z [[32minfo[39m]: ✅ После сохранения: у пользователя 1522571048829321257 21 минут
2026-07-31T10:23:07.014Z [[32minfo[39m]: 🎤 hd.hp зашел в голосовой канал
2026-07-31T10:23:55.770Z [[32minfo[39m]: 🎤 zimbago вышел из голосового, пробыл 32 минут
2026-07-31T10:23:55.770Z [[32minfo[39m]: 💾 Сохраняем 32 минут для пользователя 959496287269564487
2026-07-31T10:23:55.787Z [[32minfo[39m]: ✅ После сохранения: у пользователя 959496287269564487 32 минут
2026-07-31T10:25:26.873Z [[32minfo[39m]: 🎤 menerasq вышел из голосового, пробыл 30 минут
2026-07-31T10:25:26.874Z [[32minfo[39m]: 💾 Сохраняем 30 минут для пользователя 1347958616694460528
2026-07-31T10:25:26.890Z [[32minfo[39m]: ✅ После сохранения: у пользователя 1347958616694460528 30 минут
2026-07-31T10:27:11.802Z [[32minfo[39m]: 🎤 david_4ik234_14356 вышел из голосового, пробыл 39 минут
2026-07-31T10:27:11.802Z [[32minfo[39m]: 💾 Сохраняем 39 минут для пользователя 1452256297910145035
2026-07-31T10:27:11.819Z [[32minfo[39m]: ✅ После сохранения: у пользователя 1452256297910145035 39 минут
2026-07-31T10:27:21.821Z [[32minfo[39m]: 🎤 fedor_bylgakov вышел из голосового, пробыл 8 минут
2026-07-31T10:27:21.821Z [[32minfo[39m]: 💾 Сохраняем 8 минут для пользователя 911703660591972392
2026-07-31T10:27:21.836Z [[32minfo[39m]: ✅ После сохранения: у пользователя 911703660591972392 8 минут
2026-07-31T10:27:25.861Z [[32minfo[39m]: 🎤 hd.hp вышел из голосового, пробыл 4 минут
2026-07-31T10:27:25.862Z [[32minfo[39m]: 💾 Сохраняем 4 минут для пользователя 1522571048829321257
2026-07-31T10:27:25.878Z [[32minfo[39m]: ✅ После сохранения: у пользователя 1522571048829321257 25 минут
2026-07-31T10:33:21.175Z [[32minfo[39m]: 🎤 hd.hp зашел в голосовой канал
2026-07-31T11:20:31.356Z [[32minfo[39m]: 🎤 hd.hp вышел из голосового, пробыл 47 минут
2026-07-31T11:20:31.356Z [[32minfo[39m]: 💾 Сохраняем 47 минут для пользователя 1522571048829321257
2026-07-31T11:20:31.373Z [[32minfo[39m]: ✅ После сохранения: у пользователя 1522571048829321257 72 минут
2026-07-31T12:48:22.820Z [[32minfo[39m]: 🎤 detyo0467 зашел в голосовой канал
2026-07-31T12:48:26.738Z [[32minfo[39m]: 🎤 zanteco зашел в голосовой канал
2026-07-31T12:56:08.906Z [[32minfo[39m]: 🎤 menerasq зашел в голосовой канал
2026-07-31T12:58:47.606Z [[32minfo[39m]: 🎤 menerasq вышел из голосового, пробыл 2 минут
2026-07-31T12:58:47.606Z [[32minfo[39m]: 💾 Сохраняем 2 минут для пользователя 1347958616694460528
2026-07-31T12:58:47.623Z [[32minfo[39m]: ✅ После сохранения: у пользователя 1347958616694460528 32 минут
2026-07-31T13:25:51.671Z [[32minfo[39m]: 🎤 zanteco вышел из голосового, пробыл 37 минут
2026-07-31T13:25:51.671Z [[32minfo[39m]: 💾 Сохраняем 37 минут для пользователя 945349975854940160
2026-07-31T13:25:51.686Z [[32minfo[39m]: ✅ После сохранения: у пользователя 945349975854940160 235 минут
2026-07-31T13:26:03.505Z [[32minfo[39m]: 🎤 detyo0467 вышел из голосового, пробыл 37 минут
2026-07-31T13:26:03.506Z [[32minfo[39m]: 💾 Сохраняем 37 минут для пользователя 1530954978641055765
2026-07-31T13:26:03.521Z [[32minfo[39m]: ✅ После сохранения: у пользователя 1530954978641055765 211 минут
2026-07-31T14:05:07.218Z [[32minfo[39m]: 🎤 cocainepony зашел в голосовой канал
2026-07-31T14:12:33.113Z [[32minfo[39m]: 🎤 david_4ik234_14356 зашел в голосовой канал
2026-07-31T14:14:06.901Z [[32minfo[39m]: 🎤 danyawwww зашел в голосовой канал
2026-07-31T14:17:11.576Z [[32minfo[39m]: 🎤 kastis5439 зашел в голосовой канал
2026-07-31T14:28:43.906Z [[32minfo[39m]: 🎤 david_4ik234_14356 вышел из голосового, пробыл 16 минут
2026-07-31T14:28:43.907Z [[32minfo[39m]: 💾 Сохраняем 16 минут для пользователя 1452256297910145035
2026-07-31T14:28:43.931Z [[32minfo[39m]: ✅ После сохранения: у пользователя 1452256297910145035 55 минут
2026-07-31T15:11:55.790Z [[32minfo[39m]: 🎤 danyawwww вышел из голосового, пробыл 57 минут
2026-07-31T15:11:55.791Z [[32minfo[39m]: 💾 Сохраняем 57 минут для пользователя 931886278822215730
2026-07-31T15:11:55.827Z [[32minfo[39m]: ✅ После сохранения: у пользователя 931886278822215730 262 минут
2026-07-31T15:16:19.679Z [[32minfo[39m]: 🎤 zanteco зашел в голосовой канал
2026-07-31T15:27:34.673Z [[32minfo[39m]: 🎤 twillyjoy зашел в голосовой канал
2026-07-31T15:44:56.320Z [[32minfo[39m]: 🎤 twillyjoy вышел из голосового, пробыл 17 минут
2026-07-31T15:44:56.321Z [[32minfo[39m]: 💾 Сохраняем 17 минут для пользователя 386653569224278019
2026-07-31T15:44:56.337Z [[32minfo[39m]: ✅ После сохранения: у пользователя 386653569224278019 17 минут
2026-07-31T15:45:11.016Z [[32minfo[39m]: 🎤 twillyjoy зашел в голосовой канал
2026-07-31T15:55:41.633Z [[32minfo[39m]: All tables created successfully
2026-07-31T15:55:41.636Z [[32minfo[39m]: Database initialized successfully
2026-07-31T15:55:41.636Z [[32minfo[39m]: Database initialized
2026-07-31T15:55:42.580Z [[32minfo[39m]: ✅ Бот залогинился
2026-07-31T15:55:42.745Z [[32minfo[39m]: ✅ Бот запущен как Washington's#8137
2026-07-31T15:55:43.173Z [[32minfo[39m]: ✅ Команды зарегистрированы!
2026-07-31T16:05:12.054Z [[32minfo[39m]: All tables created successfully
2026-07-31T16:05:12.056Z [[32minfo[39m]: Database initialized successfully
2026-07-31T16:05:12.057Z [[32minfo[39m]: Database initialized
2026-07-31T16:05:12.937Z [[32minfo[39m]: ✅ Бот залогинился
2026-07-31T16:05:13.233Z [[32minfo[39m]: ✅ Бот запущен как Washington's#8137
2026-07-31T16:05:13.545Z [[32minfo[39m]: ✅ Команды зарегистрированы!
2026-07-31T16:06:48.472Z [[32minfo[39m]: All tables created successfully
2026-07-31T16:06:48.474Z [[32minfo[39m]: Database initialized successfully
2026-07-31T16:06:48.475Z [[32minfo[39m]: Database initialized
2026-07-31T16:06:49.363Z [[32minfo[39m]: ✅ Бот залогинился
2026-07-31T16:06:49.520Z [[32minfo[39m]: ✅ Бот запущен как Washington's#8137
2026-07-31T16:06:49.910Z [[32minfo[39m]: ✅ Команды зарегистрированы!
2026-07-31T16:08:00.891Z [[32minfo[39m]: All tables created successfully
2026-07-31T16:08:00.894Z [[32minfo[39m]: Database initialized successfully
2026-07-31T16:08:00.895Z [[32minfo[39m]: Database initialized
2026-07-31T16:08:02.032Z [[32minfo[39m]: ✅ Бот залогинился
2026-07-31T16:08:02.212Z [[32minfo[39m]: ✅ Бот запущен как Washington's#8137
2026-07-31T16:08:02.488Z [[32minfo[39m]: ✅ Команды зарегистрированы!
2026-07-31T16:08:11.040Z [[32minfo[39m]: Розыгрыш #1 создан: 100.000$
2026-07-31T16:12:55.358Z [[32minfo[39m]: ℹ️ Колонка description уже существует в таблице giveaways
2026-07-31T16:12:55.362Z [[32minfo[39m]: All tables created successfully
2026-07-31T16:12:55.362Z [[32minfo[39m]: Database initialized successfully
2026-07-31T16:12:55.363Z [[32minfo[39m]: Database initialized
2026-07-31T16:12:56.238Z [[32minfo[39m]: ✅ Бот залогинился
2026-07-31T16:12:56.408Z [[32minfo[39m]: ✅ Бот запущен как Washington's#8137
2026-07-31T16:12:56.861Z [[32minfo[39m]: ✅ Команды зарегистрированы!
2026-07-31T16:14:45.909Z [[32minfo[39m]: Репорт #1 создан: 644872892684959755 -> 810519535119499284 (Спам)
2026-07-31T16:31:57.299Z [[32minfo[39m]: 🎤 bibuls_19821 зашел в голосовой канал
2026-07-31T16:33:38.381Z [[32minfo[39m]: 🎤 bibuls_19821 вышел из голосового, пробыл 1 минут
2026-07-31T16:33:38.381Z [[32minfo[39m]: 💾 Сохраняем 1 минут для пользователя 1156996788289544222
2026-07-31T16:33:38.406Z [[32minfo[39m]: ✅ После сохранения: у пользователя 1156996788289544222 1 минут
2026-07-31T16:39:13.787Z [[32minfo[39m]: 🎤 bibuls_19821 зашел в голосовой канал
2026-07-31T16:41:30.351Z [[32minfo[39m]: 🎤 bibuls_19821 вышел из голосового, пробыл 2 минут
2026-07-31T16:41:30.352Z [[32minfo[39m]: 💾 Сохраняем 2 минут для пользователя 1156996788289544222
2026-07-31T16:41:30.376Z [[32minfo[39m]: ✅ После сохранения: у пользователя 1156996788289544222 3 минут
2026-07-31T17:00:15.076Z [[32minfo[39m]: 🎤 marqiz22 зашел в голосовой канал
2026-07-31T17:01:48.524Z [[32minfo[39m]: 🎤 marqiz22 вышел из голосового, пробыл 1 минут
2026-07-31T17:01:48.525Z [[32minfo[39m]: 💾 Сохраняем 1 минут для пользователя 539736270876835840
2026-07-31T17:01:48.545Z [[32minfo[39m]: ✅ После сохранения: у пользователя 539736270876835840 1 минут
2026-07-31T17:03:10.584Z [[32minfo[39m]: ℹ️ Колонка description уже существует в таблице giveaways
2026-07-31T17:03:10.586Z [[32minfo[39m]: All tables created successfully
2026-07-31T17:03:10.587Z [[32minfo[39m]: Database initialized successfully
2026-07-31T17:03:10.587Z [[32minfo[39m]: Database initialized
2026-07-31T17:03:11.715Z [[32minfo[39m]: ✅ Бот залогинился
2026-07-31T17:03:12.027Z [[32minfo[39m]: ✅ Бот запущен как Washington's#8137
2026-07-31T17:03:12.568Z [[32minfo[39m]: ✅ Команды зарегистрированы!
2026-07-31T17:04:01.857Z [[32minfo[39m]: Меню репортов создано в канале
2026-07-31T17:06:44.223Z [[32minfo[39m]: ℹ️ Колонка description уже существует в таблице giveaways
2026-07-31T17:06:44.225Z [[32minfo[39m]: All tables created successfully
2026-07-31T17:06:44.225Z [[32minfo[39m]: Database initialized successfully
2026-07-31T17:06:44.226Z [[32minfo[39m]: Database initialized
2026-07-31T17:06:45.180Z [[32minfo[39m]: ✅ Бот залогинился
2026-07-31T17:06:45.352Z [[32minfo[39m]: ✅ Бот запущен как Washington's#8137
2026-07-31T17:06:45.763Z [[32minfo[39m]: ✅ Команды зарегистрированы!
2026-07-31T17:07:06.527Z [[32minfo[39m]: Меню репортов создано в канале
2026-07-31T17:07:18.902Z [[32minfo[39m]: Создана категория "Репорты"
2026-07-31T17:08:33.214Z [[32minfo[39m]: ℹ️ Колонка description уже существует в таблице giveaways
2026-07-31T17:08:33.216Z [[32minfo[39m]: All tables created successfully
2026-07-31T17:08:33.216Z [[32minfo[39m]: Database initialized successfully
2026-07-31T17:08:33.216Z [[32minfo[39m]: Database initialized
2026-07-31T17:08:34.107Z [[32minfo[39m]: ✅ Бот залогинился
2026-07-31T17:08:34.275Z [[32minfo[39m]: ✅ Бот запущен как Washington's#8137
2026-07-31T17:08:34.604Z [[32minfo[39m]: ✅ Команды зарегистрированы!
2026-07-31T17:09:00.627Z [[32minfo[39m]: Меню репортов создано в канале
2026-07-31T17:09:36.464Z [[32minfo[39m]: Розыгрыш #1 завершен. Победители: 644872892684959755
2026-07-31T17:11:17.937Z [[32minfo[39m]: 🎤 rpdushka зашел в голосовой канал
2026-07-31T17:19:22.938Z [[32minfo[39m]: 🎤 rpdushka вышел из голосового, пробыл 8 минут
2026-07-31T17:19:22.938Z [[32minfo[39m]: 💾 Сохраняем 8 минут для пользователя 968090483446407170
2026-07-31T17:19:22.956Z [[32minfo[39m]: ✅ После сохранения: у пользователя 968090483446407170 8 минут
2026-07-31T17:40:28.978Z [[32minfo[39m]: 🎤 danyawwww зашел в голосовой канал
2026-07-31T17:55:14.013Z [[32minfo[39m]: 🎤 danyawwww вышел из голосового, пробыл 14 минут
2026-07-31T17:55:14.014Z [[32minfo[39m]: 💾 Сохраняем 14 минут для пользователя 931886278822215730
2026-07-31T17:55:14.032Z [[32minfo[39m]: ✅ После сохранения: у пользователя 931886278822215730 14 минут
2026-07-31T18:31:39.604Z [[32minfo[39m]: 🎤 zanteco зашел в голосовой канал
2026-07-31T18:38:27.301Z [[32minfo[39m]: 🎤 death.moon. зашел в голосовой канал
2026-07-31T18:41:26.760Z [[32minfo[39m]: 🎤 .m1.2 зашел в голосовой канал
2026-07-31T18:43:46.071Z [[32minfo[39m]: 🎤 mqhpus зашел в голосовой канал
2026-07-31T18:46:08.291Z [[32minfo[39m]: 🎤 mqhpus вышел из голосового, пробыл 2 минут
2026-07-31T18:46:08.292Z [[32minfo[39m]: 💾 Сохраняем 2 минут для пользователя 1183866303979716723
2026-07-31T18:46:08.311Z [[32minfo[39m]: ✅ После сохранения: у пользователя 1183866303979716723 2 минут
2026-07-31T18:46:25.539Z [[32minfo[39m]: 🎤 mqhpus зашел в голосовой канал
2026-07-31T18:46:52.785Z [[32minfo[39m]: 🎤 mqhpus вышел из голосового, пробыл меньше минуты
2026-07-31T18:47:03.988Z [[32minfo[39m]: 🎤 mqhpus зашел в голосовой канал
2026-07-31T18:47:37.213Z [[32minfo[39m]: 🎤 markbraun зашел в голосовой канал
2026-07-31T18:48:28.286Z [[32minfo[39m]: 🎤 marqiz22 зашел в голосовой канал
2026-07-31T18:48:31.053Z [[32minfo[39m]: 🎤 mqhpus вышел из голосового, пробыл 1 минут
2026-07-31T18:48:31.053Z [[32minfo[39m]: 💾 Сохраняем 1 минут для пользователя 1183866303979716723
2026-07-31T18:48:31.072Z [[32minfo[39m]: ✅ После сохранения: у пользователя 1183866303979716723 3 минут
2026-07-31T18:49:04.543Z [[32minfo[39m]: 🎤 mqhpus зашел в голосовой канал
2026-07-31T18:50:13.550Z [[32minfo[39m]: 🎤 marqiz22 вышел из голосового, пробыл 1 минут
2026-07-31T18:50:13.551Z [[32minfo[39m]: 💾 Сохраняем 1 минут для пользователя 539736270876835840
2026-07-31T18:50:13.572Z [[32minfo[39m]: ✅ После сохранения: у пользователя 539736270876835840 2 минут
2026-07-31T18:51:50.732Z [[32minfo[39m]: 🎤 markbraun вышел из голосового, пробыл 4 минут
2026-07-31T18:51:50.732Z [[32minfo[39m]: 💾 Сохраняем 4 минут для пользователя 328508051751567360
2026-07-31T18:51:50.753Z [[32minfo[39m]: ✅ После сохранения: у пользователя 328508051751567360 4 минут
2026-07-31T18:52:46.256Z [[32minfo[39m]: 🎤 markbraun зашел в голосовой канал
2026-07-31T18:59:29.292Z [[32minfo[39m]: 🎤 lama221 зашел в голосовой канал
2026-07-31T19:02:56.647Z [[32minfo[39m]: 🎤 zanteco вышел из голосового, пробыл 31 минут
2026-07-31T19:02:56.647Z [[32minfo[39m]: 💾 Сохраняем 31 минут для пользователя 945349975854940160
2026-07-31T19:02:56.670Z [[32minfo[39m]: ✅ После сохранения: у пользователя 945349975854940160 31 минут
2026-07-31T19:05:18.712Z [[32minfo[39m]: 🎤 zanteco зашел в голосовой канал
2026-07-31T19:08:56.777Z [[32minfo[39m]: 🎤 ahiyadzaki зашел в голосовой канал
2026-07-31T19:11:20.194Z [[32minfo[39m]: 🎤 lama221 вышел из голосового, пробыл 11 минут
2026-07-31T19:11:20.195Z [[32minfo[39m]: 💾 Сохраняем 11 минут для пользователя 926124780493627402
2026-07-31T19:11:20.216Z [[32minfo[39m]: ✅ После сохранения: у пользователя 926124780493627402 11 минут
2026-07-31T19:13:52.557Z [[32minfo[39m]: 🎤 moki7379 зашел в голосовой канал
2026-07-31T19:14:45.510Z [[32minfo[39m]: 🎤 ahiyadzaki вышел из голосового, пробыл 5 минут
2026-07-31T19:14:45.511Z [[32minfo[39m]: 💾 Сохраняем 5 минут для пользователя 644872892684959755
2026-07-31T19:14:45.534Z [[32minfo[39m]: ✅ После сохранения: у пользователя 644872892684959755 5 минут
2026-07-31T19:19:27.820Z [[32minfo[39m]: 🎤 zanteco вышел из голосового, пробыл 14 минут
2026-07-31T19:19:27.821Z [[32minfo[39m]: 💾 Сохраняем 14 минут для пользователя 945349975854940160
2026-07-31T19:19:27.835Z [[32minfo[39m]: ✅ После сохранения: у пользователя 945349975854940160 45 минут
2026-07-31T19:33:58.417Z [[32minfo[39m]: 🎤 killme99 зашел в голосовой канал
2026-07-31T19:35:21.011Z [[32minfo[39m]: 🎤 kastis5439 зашел в голосовой канал
2026-07-31T19:36:02.545Z [[32minfo[39m]: 🎤 killme99 вышел из голосового, пробыл 2 минут
2026-07-31T19:36:02.546Z [[32minfo[39m]: 💾 Сохраняем 2 минут для пользователя 1226945874811289795
2026-07-31T19:36:02.560Z [[32minfo[39m]: ✅ После сохранения: у пользователя 1226945874811289795 2 минут
2026-07-31T19:45:20.180Z [[32minfo[39m]: 🎤 killme99 зашел в голосовой канал
2026-07-31T19:45:21.406Z [[32minfo[39m]: 🎤 killme99 вышел из голосового, пробыл меньше минуты
2026-07-31T19:49:39.271Z [[32minfo[39m]: 🎤 bibuls_19821 зашел в голосовой канал
2026-07-31T19:50:21.442Z [[32minfo[39m]: 🎤 bibuls_19821 вышел из голосового, пробыл меньше минуты
2026-07-31T20:00:18.867Z [[32minfo[39m]: 🎤 .m1.2 вышел из голосового, пробыл 78 минут
2026-07-31T20:00:18.867Z [[32minfo[39m]: 💾 Сохраняем 78 минут для пользователя 1013212665860083795
2026-07-31T20:00:18.883Z [[32minfo[39m]: ✅ После сохранения: у пользователя 1013212665860083795 78 минут
2026-07-31T20:23:51.943Z [[32minfo[39m]: 🎤 timwhgt зашел в голосовой канал
2026-07-31T20:43:51.167Z [[32minfo[39m]: 🎤 mqhpus вышел из голосового, пробыл 114 минут
2026-07-31T20:43:51.168Z [[32minfo[39m]: 💾 Сохраняем 114 минут для пользователя 1183866303979716723
2026-07-31T20:43:51.201Z [[32minfo[39m]: ✅ После сохранения: у пользователя 1183866303979716723 117 минут
2026-07-31T20:49:58.427Z [[32minfo[39m]: 🎤 mqhpus зашел в голосовой канал
2026-07-31T20:52:29.995Z [[32minfo[39m]: 🎤 zimbago зашел в голосовой канал
2026-07-31T20:58:55.108Z [[32minfo[39m]: 🎤 hd.hp зашел в голосовой канал
2026-07-31T21:05:45.229Z [[32minfo[39m]: 🎤 fedor_bylgakov зашел в голосовой канал
2026-07-31T21:07:48.627Z [[32minfo[39m]: 🎤 death.moon. вышел из голосового, пробыл 149 минут
2026-07-31T21:07:48.627Z [[32minfo[39m]: 💾 Сохраняем 149 минут для пользователя 446039645525114881
2026-07-31T21:07:48.798Z [[32minfo[39m]: ✅ После сохранения: у пользователя 446039645525114881 149 минут
2026-07-31T21:07:49.437Z [[32minfo[39m]: 🎤 death.moon. зашел в голосовой канал
2026-07-31T21:22:29.797Z [[32minfo[39m]: 🎤 moki7379 вышел из голосового, пробыл 128 минут
2026-07-31T21:22:29.797Z [[32minfo[39m]: 💾 Сохраняем 128 минут для пользователя 852462389013118998
2026-07-31T21:22:29.814Z [[32minfo[39m]: ✅ После сохранения: у пользователя 852462389013118998 128 минут
2026-07-31T21:22:34.737Z [[32minfo[39m]: 🎤 death.moon. вышел из голосового, пробыл 14 минут
2026-07-31T21:22:34.737Z [[32minfo[39m]: 💾 Сохраняем 14 минут для пользователя 446039645525114881
2026-07-31T21:22:34.756Z [[32minfo[39m]: ✅ После сохранения: у пользователя 446039645525114881 163 минут
2026-07-31T21:22:35.527Z [[32minfo[39m]: 🎤 death.moon. зашел в голосовой канал
2026-07-31T21:23:24.386Z [[32minfo[39m]: 🎤 mqhpus вышел из голосового, пробыл 33 минут
2026-07-31T21:23:24.387Z [[32minfo[39m]: 💾 Сохраняем 33 минут для пользователя 1183866303979716723
2026-07-31T21:23:24.424Z [[32minfo[39m]: ✅ После сохранения: у пользователя 1183866303979716723 150 минут
2026-07-31T21:28:18.826Z [[32minfo[39m]: 🎤 timwhgt вышел из голосового, пробыл 64 минут
2026-07-31T21:28:18.827Z [[32minfo[39m]: 💾 Сохраняем 64 минут для пользователя 767972606204182570
2026-07-31T21:28:18.842Z [[32minfo[39m]: ✅ После сохранения: у пользователя 767972606204182570 64 минут
2026-07-31T21:35:30.476Z [[32minfo[39m]: 🎤 hd.hp вышел из голосового, пробыл 36 минут
2026-07-31T21:35:30.476Z [[32minfo[39m]: 💾 Сохраняем 36 минут для пользователя 1522571048829321257
2026-07-31T21:35:30.508Z [[32minfo[39m]: ✅ После сохранения: у пользователя 1522571048829321257 36 минут
2026-07-31T21:44:07.774Z [[32minfo[39m]: 🎤 death.moon. вышел из голосового, пробыл 21 минут
2026-07-31T21:44:07.775Z [[32minfo[39m]: 💾 Сохраняем 21 минут для пользователя 446039645525114881
2026-07-31T21:44:07.807Z [[32minfo[39m]: ✅ После сохранения: у пользователя 446039645525114881 184 минут
2026-07-31T21:52:03.157Z [[32minfo[39m]: 🎤 timwhgt зашел в голосовой канал
2026-07-31T21:56:47.824Z [[32minfo[39m]: 🎤 zimbago вышел из голосового, пробыл 64 минут
2026-07-31T21:56:47.824Z [[32minfo[39m]: 💾 Сохраняем 64 минут для пользователя 959496287269564487
2026-07-31T21:56:47.851Z [[32minfo[39m]: ✅ После сохранения: у пользователя 959496287269564487 64 минут
2026-07-31T21:56:51.909Z [[32minfo[39m]: 🎤 fedor_bylgakov вышел из голосового, пробыл 51 минут
2026-07-31T21:56:51.912Z [[32minfo[39m]: 💾 Сохраняем 51 минут для пользователя 911703660591972392
2026-07-31T21:56:51.942Z [[32minfo[39m]: ✅ После сохранения: у пользователя 911703660591972392 51 минут
2026-07-31T22:01:07.407Z [[32minfo[39m]: 🎤 timwhgt вышел из голосового, пробыл 9 минут
2026-07-31T22:01:07.407Z [[32minfo[39m]: 💾 Сохраняем 9 минут для пользователя 767972606204182570
2026-07-31T22:01:07.439Z [[32minfo[39m]: ✅ После сохранения: у пользователя 767972606204182570 73 минут
2026-07-31T22:02:23.603Z [[32minfo[39m]: 🎤 kastis5439 вышел из голосового, пробыл 147 минут
2026-07-31T22:02:23.603Z [[32minfo[39m]: 💾 Сохраняем 147 минут для пользователя 926786419450605608
2026-07-31T22:02:23.647Z [[32minfo[39m]: ✅ После сохранения: у пользователя 926786419450605608 147 минут
2026-07-31T22:02:24.474Z [[32minfo[39m]: 🎤 markbraun вышел из голосового, пробыл 189 минут
2026-07-31T22:02:24.475Z [[32minfo[39m]: 💾 Сохраняем 189 минут для пользователя 328508051751567360
2026-07-31T22:02:24.505Z [[32minfo[39m]: ✅ После сохранения: у пользователя 328508051751567360 193 минут
2026-07-31T22:43:20.583Z [[32minfo[39m]: 🎤 lama221 зашел в голосовой канал
2026-07-31T22:47:37.016Z [[32minfo[39m]: 🎤 lama221 вышел из голосового, пробыл 4 минут
2026-07-31T22:47:37.016Z [[32minfo[39m]: 💾 Сохраняем 4 минут для пользователя 926124780493627402
2026-07-31T22:47:37.032Z [[32minfo[39m]: ✅ После сохранения: у пользователя 926124780493627402 15 минут
2026-08-01T21:27:42.229Z [[32minfo[39m]: ℹ️ Колонка description уже существует в таблице giveaways
2026-08-01T21:27:42.231Z [[32minfo[39m]: All tables created successfully
2026-08-01T21:27:42.232Z [[32minfo[39m]: Database initialized successfully
2026-08-01T21:27:42.232Z [[32minfo[39m]: Database initialized
2026-08-01T21:27:43.247Z [[32minfo[39m]: ✅ Бот залогинился
2026-08-01T21:27:43.430Z [[32minfo[39m]: ✅ Бот запущен как Washington's#8137
2026-08-01T21:27:43.747Z [[32minfo[39m]: ✅ Команды зарегистрированы!
2026-08-01T21:29:52.109Z [[32minfo[39m]: 🎤 timwhgt зашел в голосовой канал
2026-08-01T21:30:44.605Z [[32minfo[39m]: 🎤 timwhgt вышел из голосового, пробыл меньше минуты
2026-08-01T21:30:46.083Z [[32minfo[39m]: 🎤 timwhgt зашел в голосовой канал
2026-08-01T21:31:24.490Z [[32minfo[39m]: 🎤 timwhgt вышел из голосового, пробыл меньше минуты
2026-08-01T21:32:44.242Z [[32minfo[39m]: 🎤 ._rox._ зашел в голосовой канал
2026-08-01T21:34:17.814Z [[32minfo[39m]: 🎤 mqhpus зашел в голосовой канал
2026-08-01T21:34:44.250Z [[32minfo[39m]: 🎤 death.moon. зашел в голосовой канал
2026-08-01T21:36:53.845Z [[32minfo[39m]: 🎤 timwhgt зашел в голосовой канал
2026-08-01T21:42:40.201Z [[32minfo[39m]: 🎤 ._rox._ вышел из голосового, пробыл 9 минут
2026-08-01T21:42:40.201Z [[32minfo[39m]: 💾 Сохраняем 9 минут для пользователя 685488643489529931
2026-08-01T21:42:40.237Z [[32minfo[39m]: ✅ После сохранения: у пользователя 685488643489529931 9 минут
2026-08-01T21:46:02.885Z [[32minfo[39m]: 🎤 timwhgt вышел из голосового, пробыл 9 минут
2026-08-01T21:46:02.885Z [[32minfo[39m]: 💾 Сохраняем 9 минут для пользователя 767972606204182570
2026-08-01T21:46:02.901Z [[32minfo[39m]: ✅ После сохранения: у пользователя 767972606204182570 82 минут
2026-08-01T21:54:06.226Z [[32minfo[39m]: 🎤 timwhgt зашел в голосовой канал
2026-08-01T21:58:30.919Z [[32minfo[39m]: 🎤 death.moon. вышел из голосового, пробыл 23 минут
2026-08-01T21:58:30.919Z [[32minfo[39m]: 💾 Сохраняем 23 минут для пользователя 446039645525114881
2026-08-01T21:58:30.937Z [[32minfo[39m]: ✅ После сохранения: у пользователя 446039645525114881 207 минут
2026-08-01T21:58:31.207Z [[32minfo[39m]: 🎤 mqhpus вышел из голосового, пробыл 24 минут
2026-08-01T21:58:31.207Z [[32minfo[39m]: 💾 Сохраняем 24 минут для пользователя 1183866303979716723
2026-08-01T21:58:31.227Z [[32minfo[39m]: ✅ После сохранения: у пользователя 1183866303979716723 174 минут
2026-08-01T22:05:51.955Z [[32minfo[39m]: 🎤 timwhgt вышел из голосового, пробыл 11 минут
2026-08-01T22:05:51.955Z [[32minfo[39m]: 💾 Сохраняем 11 минут для пользователя 767972606204182570
2026-08-01T22:05:51.970Z [[32minfo[39m]: ✅ После сохранения: у пользователя 767972606204182570 93 минут
2026-08-01T22:07:36.947Z [[32minfo[39m]: 🎤 detyo0467 зашел в голосовой канал
2026-08-01T22:07:39.668Z [[32minfo[39m]: 🎤 detyo0467 вышел из голосового, пробыл меньше минуты
2026-08-02T22:27:33.621Z [[32minfo[39m]: All tables created successfully
2026-08-02T22:27:33.623Z [[32minfo[39m]: Database initialized successfully
2026-08-02T22:27:33.624Z [[32minfo[39m]: Database initialized
2026-08-02T22:27:34.727Z [[32minfo[39m]: ✅ Бот залогинился
2026-08-02T22:27:35.077Z [[32minfo[39m]: ✅ Бот запущен как Washington's#8137
2026-08-02T22:27:35.764Z [[32minfo[39m]: ✅ Команды зарегистрированы!
2026-08-02T22:28:57.495Z [[32minfo[39m]: 🎤 ahiyadzaki зашел в голосовой канал
2026-08-02T22:31:37.605Z [[32minfo[39m]: All tables created successfully
2026-08-02T22:31:37.607Z [[32minfo[39m]: Database initialized successfully
2026-08-02T22:31:37.607Z [[32minfo[39m]: Database initialized
2026-08-02T22:31:38.555Z [[32minfo[39m]: ✅ Бот залогинился
2026-08-02T22:31:38.741Z [[32minfo[39m]: ✅ Бот запущен как Washington's#8137
2026-08-02T22:31:39.126Z [[32minfo[39m]: ✅ Команды зарегистрированы!
2026-08-02T22:34:22.865Z [[32minfo[39m]: All tables created successfully
2026-08-02T22:34:22.867Z [[32minfo[39m]: Database initialized successfully
2026-08-02T22:34:22.867Z [[32minfo[39m]: Database initialized
2026-08-02T22:34:26.734Z [[32minfo[39m]: ✅ Бот залогинился
2026-08-02T22:34:27.065Z [[32minfo[39m]: ✅ Бот запущен как Washington's#8137
2026-08-02T22:34:27.385Z [[32minfo[39m]: ✅ Команды зарегистрированы!
2026-08-02T22:35:58.093Z [[32minfo[39m]: All tables created successfully
2026-08-02T22:35:58.094Z [[32minfo[39m]: Database initialized successfully
2026-08-02T22:35:58.095Z [[32minfo[39m]: Database initialized
2026-08-02T22:35:59.116Z [[32minfo[39m]: ✅ Бот залогинился
2026-08-02T22:35:59.294Z [[32minfo[39m]: ✅ Бот запущен как Washington's#8137
2026-08-02T22:35:59.691Z [[32minfo[39m]: ✅ Команды зарегистрированы!
2026-08-02T22:40:00.481Z [[32minfo[39m]: All tables created successfully
2026-08-02T22:40:00.483Z [[32minfo[39m]: Database initialized successfully
2026-08-02T22:40:00.484Z [[32minfo[39m]: Database initialized
2026-08-02T22:40:01.796Z [[32minfo[39m]: ✅ Бот залогинился
2026-08-02T22:40:01.978Z [[32minfo[39m]: ✅ Бот запущен как Washington's#8137
2026-08-02T22:40:02.289Z [[32minfo[39m]: ✅ Команды зарегистрированы!
2026-08-02T22:47:03.053Z [[32minfo[39m]: 🎤 detyo0467 зашел в голосовой канал
2026-08-02T23:09:04.665Z [[32minfo[39m]: 🎤 ea70900 зашел в голосовой канал
2026-08-02T23:10:31.818Z [[32minfo[39m]: 🎤 ea70900 вышел из голосового, пробыл 1 минут
2026-08-02T23:10:31.819Z [[32minfo[39m]: 💾 Сохраняем 1 минут для пользователя 1481363617256444076
2026-08-02T23:10:31.834Z [[32minfo[39m]: ✅ После сохранения: у пользователя 1481363617256444076 1 минут
2026-08-03T00:10:48.993Z [[32minfo[39m]: All tables created successfully
2026-08-03T00:10:48.996Z [[32minfo[39m]: Database initialized successfully
2026-08-03T00:10:48.996Z [[32minfo[39m]: Database initialized
2026-08-03T00:10:50.168Z [[32minfo[39m]: ✅ Бот залогинился
2026-08-03T00:10:50.348Z [[32minfo[39m]: ✅ Бот запущен как Washington's#8137
2026-08-03T00:10:50.699Z [[32minfo[39m]: ✅ Команды зарегистрированы!
2026-08-03T00:11:18.285Z [[32minfo[39m]: 🎤 ahiyadzaki зашел в голосовой канал
2026-08-03T00:12:47.158Z [[32minfo[39m]: 🎤 ahiyadzaki вышел из голосового, пробыл 1 минут
2026-08-03T00:12:47.158Z [[32minfo[39m]: 💾 Сохраняем 1 минут для пользователя 644872892684959755
2026-08-03T00:12:47.195Z [[32minfo[39m]: ✅ После сохранения: у пользователя 644872892684959755 6 минут
2026-08-03T00:12:48.317Z [[32minfo[39m]: 🎤 ahiyadzaki зашел в голосовой канал
2026-08-03T00:16:32.916Z [[32minfo[39m]: All tables created successfully
2026-08-03T00:16:32.917Z [[32minfo[39m]: Database initialized successfully
2026-08-03T00:16:32.918Z [[32minfo[39m]: Database initialized
2026-08-03T00:16:34.396Z [[32minfo[39m]: ✅ Бот залогинился
2026-08-03T00:16:34.570Z [[32minfo[39m]: ✅ Бот запущен как Washington's#8137
2026-08-03T00:16:34.908Z [[32minfo[39m]: ✅ Команды зарегистрированы!
